Component: ARM Compiler 5.05 update 1 (build 106) Tool: armlink [4d0efa]

==============================================================================

Section Cross References

    system_stm32f10x.o(.text) refers to system_stm32f10x.o(.data) for SystemCoreClock
    startup_stm32f10x_md.o(RESET) refers to startup_stm32f10x_md.o(STACK) for __initial_sp
    startup_stm32f10x_md.o(RESET) refers to startup_stm32f10x_md.o(.text) for Reset_Handler
    startup_stm32f10x_md.o(RESET) refers to stm32f10x_it.o(.text) for NMI_Handler
    startup_stm32f10x_md.o(RESET) refers to os_cpu_a.o(.text) for PendSV_Handler
    startup_stm32f10x_md.o(RESET) refers to bsp.o(.text) for SysTick_Handler
    startup_stm32f10x_md.o(RESET) refers to cc3000spi.o(.text) for EXTI1_IRQHandler
    startup_stm32f10x_md.o(RESET) refers to uart.o(.text) for DMA1_Channel5_IRQHandler
    startup_stm32f10x_md.o(RESET) refers to cc1101.o(.text) for EXTI9_5_IRQHandler
    startup_stm32f10x_md.o(.text) refers to system_stm32f10x.o(.text) for SystemInit
    startup_stm32f10x_md.o(.text) refers to entry.o(.ARM.Collect$$$$00000000) for __main
    app.o(.text) refers to bsp.o(.text) for BSP_Init
    app.o(.text) refers to os_task.o(.text) for OSTaskCreate
    app.o(.text) refers to os_core.o(.text) for OSInit
    app.o(.text) refers to cc1101.o(.text) for CC1101ReceivePacket
    app.o(.text) refers to dataprocess.o(.text) for CC1101DateRecProcess
    app.o(.text) refers to os_time.o(.text) for OSTimeDly
    app.o(.text) refers to strcpy.o(.text) for strcpy
    app.o(.text) refers to uart.o(.text) for UartInit
    app.o(.text) refers to os_q.o(.text) for OSQCreate
    app.o(.text) refers to memcpya.o(.text) for __aeabi_memcpy
    app.o(.text) refers to app.o(.bss) for WLANTaskStk
    app.o(.text) refers to cc3000_task.o(.text) for taskwlan
    app.o(.text) refers to dataprocess.o(.bss) for CC1101RxBuf
    app.o(.text) refers to app.o(.data) for LastAddress
    app.o(.text) refers to dataprocess.o(.data) for WorEnableFlag
    app.o(.text) refers to wifi_application.o(.bss) for ConnectedssidName
    cc3000_task.o(.text) refers to wifi_application.o(.text) for Init_CC3000Driver
    cc3000_task.o(.text) refers to nvmem.o(.text) for nvmem_read_sp_version
    cc3000_task.o(.text) refers to os_time.o(.text) for OSTimeDly
    cc3000_task.o(.text) refers to cc3000_task.o(.data) for Sp_Fw
    wifi_application.o(.text) refers to netapp.o(.text) for netapp_dhcp
    wifi_application.o(.text) refers to cc3000spi.o(.text) for init_spi
    wifi_application.o(.text) refers to wlan.o(.text) for wlan_init
    wifi_application.o(.text) refers to socket.o(.text) for socket
    wifi_application.o(.text) refers to bsp.o(.text) for delay_ms
    wifi_application.o(.text) refers to ctype_o.o(.text) for __rt_ctype_table
    wifi_application.o(.text) refers to wifi_application.o(.data) for SysEvent
    wifi_application.o(.text) refers to wifi_application.o(.bss) for EventTimeOut
    wifi_application.o(.text) refers to cc3000_common.o(.text) for UINT32_TO_STREAM_f
    wifi_application.o(.text) refers to evnt_handler.o(.text) for hci_unsolicited_event_handler
    wifi_application.o(.text) refers to nvmem.o(.text) for nvmem_create_entry
    wifi_application.o(.text) refers to security.o(.text) for aes_write_key
    wifi_application.o(.text) refers to strlen.o(.text) for strlen
    wifi_application.o(.text) refers to memcpya.o(.text) for __aeabi_memcpy
    wifi_application.o(.text) refers to wifi_application.o(.constdata) for smartconfigkey
    wifi_application.o(.text) refers to memseta.o(.text) for __aeabi_memclr
    wifi_application.o(.text) refers to dataprocess.o(.data) for CC3000Rxlen
    wifi_application.o(.text) refers to dataprocess.o(.bss) for CC3000RxBuf
    wifi_application.o(.text) refers to app.o(.data) for DisplayStatus
    dataprocess.o(.text) refers to memcpya.o(.text) for __aeabi_memcpy
    dataprocess.o(.text) refers to dataprocess.o(.bss) for CC1101RxBuf
    dataprocess.o(.text) refers to app.o(.data) for CurrentAddress
    lcddisplay.o(.text) refers to uc1701x.o(.text) for displayString
    lcddisplay.o(.text) refers to lcddisplay.o(.constdata) for WiFiStatusCode
    lcddisplay.o(.text) refers to wifi_application.o(.data) for TCP_Mode
    lcddisplay.o(.text) refers to app.o(.data) for WiFi_Status
    lcddisplay.o(.text) refers to lcddisplay.o(.data) for Display_Index
    lcddisplay.o(.text) refers to dataprocess.o(.data) for CurrentSpeed
    lcddisplay.o(.text) refers to dataprocess.o(.bss) for TotalDrip
    bsp.o(.text) refers to stm32f10x_rcc.o(.text) for RCC_GetClocksFreq
    bsp.o(.text) refers to stm32f10x_gpio.o(.text) for GPIO_SetBits
    bsp.o(.text) refers to stm32f10x_tim.o(.text) for TIM_DeInit
    bsp.o(.text) refers to misc.o(.text) for NVIC_PriorityGroupConfig
    bsp.o(.text) refers to evnt_handler.o(.text) for hci_unsolicited_event_handler
[...]
    .text                                    0x08009514   Section        0  stm32f10x_usart.o(.text)
    .text                                    0x0800991c   Section        0  os_flag.o(.text)
    OS_FlagTaskRdy                           0x08009a93   Thumb Code    82  os_flag.o(.text)
    OS_FlagBlock                             0x08009c4d   Thumb Code   152  os_flag.o(.text)
    .text                                    0x0800a128   Section        0  os_mem.o(.text)
    .text                                    0x0800a30c   Section        0  os_cpu_c.o(.text)
    .text                                    0x0800a40c   Section        0  ctype_o.o(.text)
    .text                                    0x0800a414   Section        0  memcpya.o(.text)
    .text                                    0x0800a438   Section        0  memseta.o(.text)
    .text                                    0x0800a45c   Section        0  strlen.o(.text)
    .text                                    0x0800a46a   Section        0  strcpy.o(.text)
    .text                                    0x0800a47c   Section       36  init.o(.text)
    .text                                    0x0800a4a0   Section        0  __dczerorl2.o(.text)
    i.__aeabi_errno_addr                     0x0800a4f8   Section        0  errno.o(i.__aeabi_errno_addr)
    i.__scatterload_copy                     0x0800a500   Section       14  handlers.o(i.__scatterload_copy)
    i.__scatterload_null                     0x0800a50e   Section        2  handlers.o(i.__scatterload_null)
    i.__scatterload_zeroinit                 0x0800a510   Section       14  handlers.o(i.__scatterload_zeroinit)
    .constdata                               0x0800a51e   Section       16  wifi_application.o(.constdata)
    .constdata                               0x0800a52e   Section        8  bsp.o(.constdata)
    .constdata                               0x0800a536   Section       37  cc1101.o(.constdata)
    .constdata                               0x0800a55b   Section      523  security.o(.constdata)
    .constdata                               0x0800a766   Section      256  os_core.o(.constdata)
    .constdata                               0x0800a866   Section      129  ctype_o.o(.constdata)
    .constdata                               0x0800a8e8   Section        4  ctype_o.o(.constdata)
    table                                    0x0800a8e8   Data           4  ctype_o.o(.constdata)
    .data                                    0x20000000   Section       20  system_stm32f10x.o(.data)
    .data                                    0x20000014   Section       14  app.o(.data)
    LastAddress                              0x20000020   Data           1  app.o(.data)
    WorReqTimeOut                            0x20000021   Data           1  app.o(.data)
    .data                                    0x20000022   Section        5  cc3000_task.o(.data)
    .data                                    0x20000028   Section       68  wifi_application.o(.data)
    timesCnt                                 0x20000067   Data           1  wifi_application.o(.data)
    wifistatus                               0x20000068   Data           4  wifi_application.o(.data)
    .data                                    0x2000006c   Section       88  dataprocess.o(.data)
    .data                                    0x200000c4   Section       29  bsp.o(.data)
    hci_unsolicited_timeout                  0x200000de   Data           1  bsp.o(.data)
    wifi_status_led_timeout                  0x200000df   Data           1  bsp.o(.data)
    sendratadata_timeout                     0x200000e0   Data           1  bsp.o(.data)
    .data                                    0x200000e1   Section       10  cc1101.o(.data)
    addr2                                    0x200000e9   Data           1  cc1101.o(.data)
    addr2                                    0x200000ea   Data           1  cc1101.o(.data)
    .data                                    0x200000ec   Section        5  uart.o(.data)
    i                                        0x200000ee   Data           2  uart.o(.data)
    sequence                                 0x200000f0   Data           1  uart.o(.data)
    .data                                    0x200000f1   Section        7  cc3000spi.o(.data)
    ccspi_is_in_irq                          0x200000f1   Data           1  cc3000spi.o(.data)
    ccspi_int_enabled                        0x200000f2   Data           1  cc3000spi.o(.data)
    .data                                    0x200000f8   Section        4  evnt_handler.o(.data)
    .data                                    0x200000fc   Section       76  os_core.o(.data)
    .data                                    0x20000148   Section       20  stm32f10x_rcc.o(.data)
    APBAHBPrescTable                         0x20000148   Data          16  stm32f10x_rcc.o(.data)
    ADCPrescTable                            0x20000158   Data           4  stm32f10x_rcc.o(.data)
    .data                                    0x2000015c   Section        4  errno.o(.data)
    _errno                                   0x2000015c   Data           4  errno.o(.data)
    .bss                                     0x20000160   Section     3050  app.o(.bss)
    Buffer                                   0x20000c50   Data         200  app.o(.bss)
    buffer                                   0x20000d18   Data          50  app.o(.bss)
    .bss                                     0x20000d4c   Section     1300  wifi_application.o(.bss)
    .bss                                     0x20001260   Section      304  dataprocess.o(.bss)
    .bss                                     0x20001390   Section      150  uart.o(.bss)
    UartTxBuffer                             0x20001390   Data          50  uart.o(.bss)
    UartRxBuffer                             0x200013c2   Data          50  uart.o(.bss)
    UartBuffer                               0x200013f4   Data          50  uart.o(.bss)
    .bss                                     0x20001428   Section      282  cc3000spi.o(.bss)
    .bss                                     0x20001542   Section      176  security.o(.bss)
    .bss                                     0x200015f4   Section      151  wlan.o(.bss)
    .bss                                     0x2000168c   Section     3752  os_core.o(.bss)
    STACK                                    0x20002538   Section     1024  startup_stm32f10x_md.o(STACK)

    Global Symbols

    Symbol Name                              Value     Ov Type        Size  Object(Section)

    BuildAttributes$$THM_ISAv4$P$D$K$B$S$PE$A:L22UL41UL21$X:L11$S22US41US21$IEEE1$IW$USESV6$~STKCKD$USESV7$~SHL$OSPACE$EBA8$MICROLIB$REQ8$PRES8$EABIv2 0x00000000   Number         0  anon$$obj.o ABSOLUTE
    __ARM_use_no_argv                        0x00000000   Number         0  app.o ABSOLUTE
    __cpp_initialize__aeabi_                  - Undefined Weak Reference
    __cxa_finalize                            - Undefined Weak Reference
    _clock_init                               - Undefined Weak Reference
    _microlib_exit                            - Undefined Weak Reference
    __Vectors_Size                           0x000000ec   Number         0  startup_stm32f10x_md.o ABSOLUTE
    __Vectors                                0x08000000   Data           4  startup_stm32f10x_md.o(RESET)
    __Vectors_End                            0x080000ec   Data           0  startup_stm32f10x_md.o(RESET)
    __main                                   0x080000ed   Thumb Code     0  entry.o(.ARM.Collect$$$$00000000)
    _main_stk                                0x080000ed   Thumb Code     0  entry2.o(.ARM.Collect$$$$00000001)
    _main_scatterload                        0x080000f1   Thumb Code     0  entry5.o(.ARM.Collect$$$$00000004)
    __main_after_scatterload                 0x080000f5   Thumb Code     0  entry5.o(.ARM.Collect$$$$00000004)
    _main_clock                              0x080000f5   Thumb Code     0  entry7b.o(.ARM.Collect$$$$00000008)
    _main_cpp_init                           0x080000f5   Thumb Code     0  entry8b.o(.ARM.Collect$$$$0000000A)
    _main_init                               0x080000f5   Thumb Code     0  entry9a.o(.ARM.Collect$$$$0000000B)
    __rt_final_cpp                           0x080000fd   Thumb Code     0  entry10a.o(.ARM.Collect$$$$0000000D)
    __rt_final_exit                          0x080000fd   Thumb Code     0  entry11a.o(.ARM.Collect$$$$0000000F)
    SystemInit                               0x080001df   Thumb Code    78  system_stm32f10x.o(.text)
    SystemCoreClockUpdate                    0x0800022d   Thumb Code   142  system_stm32f10x.o(.text)
    Reset_Handler                            0x080002e1   Thumb Code     8  startup_stm32f10x_md.o(.text)
    ADC1_2_IRQHandler                        0x080002fb   Thumb Code     0  startup_stm32f10x_md.o(.text)
    CAN1_RX1_IRQHandler                      0x080002fb   Thumb Code     0  startup_stm32f10x_md.o(.text)
    CAN1_SCE_IRQHandler                      0x080002fb   Thumb Code     0  startup_stm32f10x_md.o(.text)
    DMA1_Channel1_IRQHandler                 0x080002fb   Thumb Code     0  startup_stm32f10x_md.o(.text)
    DMA1_Channel4_IRQHandler                 0x080002fb   Thumb Code     0  startup_stm32f10x_md.o(.text)
    DMA1_Channel6_IRQHandler                 0x080002fb   Thumb Code     0  startup_stm32f10x_md.o(.text)
    DMA1_Channel7_IRQHandler                 0x080002fb   Thumb Code     0  startup_stm32f10x_md.o(.text)
    EXTI0_IRQHandler                         0x080002fb   Thumb Code     0  startup_stm32f10x_md.o(.text)
    EXTI15_10_IRQHandler                     0x080002fb   Thumb Code     0  startup_stm32f10x_md.o(.text)
    EXTI2_IRQHandler                         0x080002fb   Thumb Code     0  startup_stm32f10x_md.o(.text)
    EXTI3_IRQHandler                         0x080002fb   Thumb Code     0  startup_stm32f10x_md.o(.text)
    EXTI4_IRQHandler                         0x080002fb   Thumb Code     0  startup_stm32f10x_md.o(.text)
    FLASH_IRQHandler                         0x080002fb   Thumb Code     0  startup_stm32f10x_md.o(.text)
    I2C1_ER_IRQHandler                       0x080002fb   Thumb Code     0  startup_stm32f10x_md.o(.text)
    I2C1_EV_IRQHandler                       0x080002fb   Thumb Code     0  startup_stm32f10x_md.o(.text)
    I2C2_ER_IRQHandler                       0x080002fb   Thumb Code     0  startup_stm32f10x_md.o(.text)
    I2C2_EV_IRQHandler                       0x080002fb   Thumb Code     0  startup_stm32f10x_md.o(.text)
    PVD_IRQHandler                           0x080002fb   Thumb Code     0  startup_stm32f10x_md.o(.text)
    RCC_IRQHandler                           0x080002fb   Thumb Code     0  startup_stm32f10x_md.o(.text)
    RTCAlarm_IRQHandler                      0x080002fb   Thumb Code     0  startup_stm32f10x_md.o(.text)
    RTC_IRQHandler                           0x080002fb   Thumb Code     0  startup_stm32f10x_md.o(.text)
    SPI1_IRQHandler                          0x080002fb   Thumb Code     0  startup_stm32f10x_md.o(.text)
    SPI2_IRQHandler                          0x080002fb   Thumb Code     0  startup_stm32f10x_md.o(.text)
    TAMPER_IRQHandler                        0x080002fb   Thumb Code     0  startup_stm32f10x_md.o(.text)
    TIM1_BRK_IRQHandler                      0x080002fb   Thumb Code     0  startup_stm32f10x_md.o(.text)
    TIM1_CC_IRQHandler                       0x080002fb   Thumb Code     0  startup_stm32f10x_md.o(.text)
    TIM1_TRG_COM_IRQHandler                  0x080002fb   Thumb Code     0  startup_stm32f10x_md.o(.text)
    TIM1_UP_IRQHandler                       0x080002fb   Thumb Code     0  startup_stm32f10x_md.o(.text)
    TIM3_IRQHandler                          0x080002fb   Thumb Code     0  startup_stm32f10x_md.o(.text)
    TIM4_IRQHandler                          0x080002fb   Thumb Code     0  startup_stm32f10x_md.o(.text)
    USART2_IRQHandler                        0x080002fb   Thumb Code     0  startup_stm32f10x_md.o(.text)
    USART3_IRQHandler                        0x080002fb   Thumb Code     0  startup_stm32f10x_md.o(.text)
    USBWakeUp_IRQHandler                     0x080002fb   Thumb Code     0  startup_stm32f10x_md.o(.text)
    USB_HP_CAN1_TX_IRQHandler                0x080002fb   Thumb Code     0  startup_stm32f10x_md.o(.text)
    USB_LP_CAN1_RX0_IRQHandler               0x080002fb   Thumb Code     0  startup_stm32f10x_md.o(.text)
    WWDG_IRQHandler                          0x080002fb   Thumb Code     0  startup_stm32f10x_md.o(.text)
    main                                     0x0800031f   Thumb Code    26  app.o(.text)
    CC1101RecDataFunction                    0x08000339   Thumb Code    14  app.o(.text)
    CC1101SendDataFunction                   0x08000347   Thumb Code   332  app.o(.text)
    taskwlan                                 0x08000585   Thumb Code    24  cc3000_task.o(.text)
    SetEventTimeOut                          0x080005a1   Thumb Code   104  wifi_application.o(.text)
    SetEvent                                 0x08000609   Thumb Code    42  wifi_application.o(.text)
    ClearEvent                               0x08000633   Thumb Code    42  wifi_application.o(.text)
    GetEvent                                 0x0800065d   Thumb Code    52  wifi_application.o(.text)
    sendDriverPatch                          0x08000691   Thumb Code     8  wifi_application.o(.text)
    sendBootLoaderPatch                      0x08000699   Thumb Code     8  wifi_application.o(.text)
    sendWLFWPatch                            0x080006a1   Thumb Code     8  wifi_application.o(.text)
    CC3000_UsynchCallback                    0x080006a9   Thumb Code   152  wifi_application.o(.text)
    Set_staticIP                             0x08000741   Thumb Code    56  wifi_application.o(.text)
    Init_CC3000Driver                        0x08000779   Thumb Code   100  wifi_application.o(.text)
    Set_ulSocket                             0x080007dd   Thumb Code    96  wifi_application.o(.text)
    Set_TCP                                  0x0800083d   Thumb Code   122  wifi_application.o(.text)
    Set_UDP                                  0x080008b7   Thumb Code    46  wifi_application.o(.text)
    ReConnectSocket                          0x080008e5   Thumb Code   104  wifi_application.o(.text)
    initClient                               0x08000af3   Thumb Code   102  wifi_application.o(.text)
    Init_Client                              0x08000b59   Thumb Code    22  wifi_application.o(.text)
    GetdeviceInfo                            0x08000b8d   Thumb Code    12  wifi_application.o(.text)
    StartSmartConfig                         0x08000b99   Thumb Code   252  wifi_application.o(.text)
    ConnectionAP                             0x08000c95   Thumb Code    86  wifi_application.o(.text)
    TCPClient                                0x08000ceb   Thumb Code    48  wifi_application.o(.text)
    TCPServer                                0x08000d1b   Thumb Code    26  wifi_application.o(.text)
    UDPProtocal                              0x08000d35   Thumb Code    68  wifi_application.o(.text)
    ConnectUsingSSID                         0x08000d79   Thumb Code    90  wifi_application.o(.text)
    SetTcpConnect                            0x08000dd3   Thumb Code    34  wifi_application.o(.text)
    Connect_Ssid                             0x08000df5   Thumb Code   112  wifi_application.o(.text)
    Wifi_Scan                                0x08000e65   Thumb Code    84  wifi_application.o(.text)
    Wifi_send_data                           0x08000eb9   Thumb Code   244  wifi_application.o(.text)
    WifiRecvData                             0x08000fad   Thumb Code   106  wifi_application.o(.text)
    Wifi_event_handler                       0x08001017   Thumb Code   262  wifi_application.o(.text)
    CC3000SendPacket                         0x0800111d   Thumb Code    34  wifi_application.o(.text)
    MessageHeader                            0x0800117d   Thumb Code     2  dataprocess.o(.text)
    WorkingStateMsgReqTransmit               0x0800117f   Thumb Code     2  dataprocess.o(.text)
    WorkingStateMsgTransmit                  0x08001181   Thumb Code     2  dataprocess.o(.text)
    WorkingStateMsgAckTransmit               0x08001183   Thumb Code     2  dataprocess.o(.text)
    LoginReqTransmit                         0x08001185   Thumb Code     2  dataprocess.o(.text)
    LoginTransmit                            0x08001187   Thumb Code     2  dataprocess.o(.text)
    LoginAckTransmit                         0x08001189   Thumb Code     2  dataprocess.o(.text)
    WorAckTransmit                           0x0800118b   Thumb Code     2  dataprocess.o(.text)
    CC1101DateRecProcess                     0x0800118d   Thumb Code    24  dataprocess.o(.text)
    CC1101DateSendProcess                    0x080011a5   Thumb Code    14  dataprocess.o(.text)
    CC3000DataRecProcess                     0x080011b3   Thumb Code     2  dataprocess.o(.text)
    NMI_Handler                              0x080011c1   Thumb Code     2  stm32f10x_it.o(.text)
    HardFault_Handler                        0x080011c3   Thumb Code     4  stm32f10x_it.o(.text)
    MemManage_Handler                        0x080011c7   Thumb Code     4  stm32f10x_it.o(.text)
    BusFault_Handler                         0x080011cb   Thumb Code     4  stm32f10x_it.o(.text)
    UsageFault_Handler                       0x080011cf   Thumb Code     4  stm32f10x_it.o(.text)
    SVC_Handler                              0x080011d3   Thumb Code     2  stm32f10x_it.o(.text)
    DebugMon_Handler                         0x080011d5   Thumb Code     2  stm32f10x_it.o(.text)
    BSP_CPU_ClkFreq                          0x08001233   Thumb Code    16  bsp.o(.text)
    OS_CPU_SysTickClkFreq                    0x08001243   Thumb Code    12  bsp.o(.text)
    delay_ms                                 0x0800124f   Thumb Code    22  bsp.o(.text)
    SetLEDStatus                             0x08001265   Thumb Code    44  bsp.o(.text)
    HW_IO_init                               0x08001291   Thumb Code   172  bsp.o(.text)
    TIM2_Configuration                       0x0800133d   Thumb Code   126  bsp.o(.text)
    BSP_Init                                 0x080013bb   Thumb Code    34  bsp.o(.text)
    SetLEDToggle                             0x080013dd   Thumb Code    58  bsp.o(.text)
    SetRELAYToggle                           0x08001417   Thumb Code    70  bsp.o(.text)
    TIM2_IRQHandler                          0x0800145d   Thumb Code   192  bsp.o(.text)
    SysTick_Handler                          0x0800151d   Thumb Code    54  bsp.o(.text)
    SPI_FLASH_Write_Protect_ENABLE           0x0800158d   Thumb Code    14  spi_flash.o(.text)
    SPI_FLASH_Write_Protect_DISABLE          0x0800159b   Thumb Code    14  spi_flash.o(.text)
    SPI_FLASH_Init                           0x080015a9   Thumb Code   138  spi_flash.o(.text)
    SPI_FLASH_ReadByte                       0x08001633   Thumb Code   120  spi_flash.o(.text)
    SPI_FLASH_SendByte                       0x080016ab   Thumb Code   126  spi_flash.o(.text)
    SPI_FLASH_WaitForWriteEnd                0x08001729   Thumb Code    48  spi_flash.o(.text)
    SPI_FLASH_WriteEnable                    0x08001759   Thumb Code    30  spi_flash.o(.text)
    SPI_FLASH_SectorErase                    0x08001777   Thumb Code    66  spi_flash.o(.text)
    SPI_FLASH_BulkErase                      0x080017b9   Thumb Code    38  spi_flash.o(.text)
    SPI_FLASH_PageWrite                      0x080017df   Thumb Code    96  spi_flash.o(.text)
    SPI_FLASH_BufferWrite                    0x0800183f   Thumb Code   290  spi_flash.o(.text)
    SPI_FLASH_BufferRead                     0x08001961   Thumb Code    96  spi_flash.o(.text)
    SPI_FLASH_ReadID                         0x080019c1   Thumb Code    72  spi_flash.o(.text)
    SPI_FLASH_ReadDeviceID                   0x08001a09   Thumb Code    58  spi_flash.o(.text)
    SPI_FLASH_StartReadSequence              0x08001a43   Thumb Code    44  spi_flash.o(.text)
    SPI_Flash_PowerDown                      0x08001a6f   Thumb Code    30  spi_flash.o(.text)
    SPI_Flash_WAKEUP                         0x08001a8d   Thumb Code    30  spi_flash.o(.text)
    Delay                                    0x08001ab1   Thumb Code    16  cc1101.o(.text)
    SPI_ReadWrite                            0x08001ac1   Thumb Code    50  cc1101.o(.text)
    SPI_ReadByte                             0x08001af3   Thumb Code    10  cc1101.o(.text)
    SPiCWriteReg                             0x08001afd   Thumb Code    56  cc1101.o(.text)
    SpiCWriteBurstReg                        0x08001b35   Thumb Code    78  cc1101.o(.text)
    SpiCReadReg                              0x08001b83   Thumb Code    62  cc1101.o(.text)
    SpiCReadBurstReg                         0x08001bc1   Thumb Code    80  cc1101.o(.text)
    SpiCReadStatus                           0x08001c11   Thumb Code    60  cc1101.o(.text)
    SpiCStrobe                               0x08001c4d   Thumb Code    48  cc1101.o(.text)
    SPiCPowerUpReset                         0x08001c7d   Thumb Code   148  cc1101.o(.text)
    WriteRfSetting                           0x08001d11   Thumb Code   384  cc1101.o(.text)
    CC1101SendPacket                         0x08001e91   Thumb Code   204  cc1101.o(.text)
    ClearRecBuf                              0x08001f5d   Thumb Code    20  cc1101.o(.text)
    CC1101ReceivePacket                      0x08001f71   Thumb Code    62  cc1101.o(.text)
    GDO2EXTI_Config                          0x08001faf   Thumb Code   108  cc1101.o(.text)
    CC1100_GPIO_Configuration                0x0800201b   Thumb Code   208  cc1101.o(.text)
    CC1101Init                               0x080020eb   Thumb Code    66  cc1101.o(.text)
    CC1101AddSet                             0x0800212d   Thumb Code    64  cc1101.o(.text)
    CC1101SYNCSet                            0x0800216d   Thumb Code    76  cc1101.o(.text)
    EXTI9_5_IRQHandler                       0x080021b9   Thumb Code    26  cc1101.o(.text)
    USART_Configuration                      0x080021f5   Thumb Code   164  uart.o(.text)
    NVIC_Configuration                       0x08002299   Thumb Code    92  uart.o(.text)
    DMA_Configuration                        0x080022f5   Thumb Code   114  uart.o(.text)
    USART1_IRQHandler                        0x08002367   Thumb Code    94  uart.o(.text)
    DMA1_Channel5_IRQHandler                 0x080023c5   Thumb Code    12  uart.o(.text)
    UartBufferSet                            0x080023d1   Thumb Code    28  uart.o(.text)
    UartSend4DMA                             0x080023ed   Thumb Code    54  uart.o(.text)
    UartInit                                 0x08002423   Thumb Code    16  uart.o(.text)
    UartSendCommand                          0x08002433   Thumb Code   652  uart.o(.text)
    CheckReceiveCommand                      0x080026bf   Thumb Code   316  uart.o(.text)
    __error__                                0x0800281d   Thumb Code     2  cc3000_common.o(.text)
    UINT32_TO_STREAM_f                       0x0800281f   Thumb Code    24  cc3000_common.o(.text)
    UINT16_TO_STREAM_f                       0x08002837   Thumb Code    12  cc3000_common.o(.text)
    STREAM_TO_UINT16_f                       0x08002843   Thumb Code    16  cc3000_common.o(.text)
    STREAM_TO_UINT32_f                       0x08002853   Thumb Code    30  cc3000_common.o(.text)
    SpiCleanGPIOISR                          0x08002889   Thumb Code    10  cc3000spi.o(.text)
    SpiClose                                 0x08002893   Thumb Code    22  cc3000spi.o(.text)
    SpiOpen                                  0x080028a9   Thumb Code    50  cc3000spi.o(.text)
    SpiCC3000DMAInit                         0x0800292d   Thumb Code   138  cc3000spi.o(.text)
    SpiDMARXReconfig                         0x080029b7   Thumb Code    42  cc3000spi.o(.text)
    SpiDMATXReconfig                         0x080029e1   Thumb Code    48  cc3000spi.o(.text)
    init_spi                                 0x08002a79   Thumb Code   462  cc3000spi.o(.text)
    ReadWlanInterruptPin                     0x08002c47   Thumb Code    12  cc3000spi.o(.text)
    WlanInterruptEnable                      0x08002c53   Thumb Code    90  cc3000spi.o(.text)
    WlanInterruptDisable                     0x08002cad   Thumb Code    44  cc3000spi.o(.text)
    WriteWlanPin                             0x08002cd9   Thumb Code    48  cc3000spi.o(.text)
    RXBufferIsNotEmpty                       0x08002d09   Thumb Code    20  cc3000spi.o(.text)
    TXBufferIsEmpty                          0x08002d1d   Thumb Code    20  cc3000spi.o(.text)
    SpiWriteDataSynchronous                  0x08002d31   Thumb Code    54  cc3000spi.o(.text)
    SpiFirstWrite                            0x08002d67   Thumb Code    90  cc3000spi.o(.text)
    SpiWrite                                 0x08002dc1   Thumb Code   180  cc3000spi.o(.text)
    SpiReadDataSynchronous                   0x08002e75   Thumb Code    62  cc3000spi.o(.text)
    SpiReadHeader                            0x08002eb3   Thumb Code    14  cc3000spi.o(.text)
    SpiReadDataCont                          0x08002ec1   Thumb Code    90  cc3000spi.o(.text)
    SpiPauseSpi                              0x08002f1b   Thumb Code    14  cc3000spi.o(.text)
    SpiResumeSpi                             0x08002f29   Thumb Code    16  cc3000spi.o(.text)
    SpiTriggerRxProcessing                   0x08002f39   Thumb Code    50  cc3000spi.o(.text)
    SSIContReadOperation                     0x08002f6b   Thumb Code    14  cc3000spi.o(.text)
    EXTI1_IRQHandler                         0x08002f79   Thumb Code   116  cc3000spi.o(.text)
    DMA1_Channel3_IRQHandler                 0x08002fed   Thumb Code    22  cc3000spi.o(.text)
    DMA1_Channel2_IRQHandler                 0x08003003   Thumb Code    20  cc3000spi.o(.text)
    cc3k_int_poll                            0x08003017   Thumb Code   166  cc3000spi.o(.text)
    hci_unsol_handle_patch_request           0x080030bd   Thumb Code   188  evnt_handler.o(.text)
    set_socket_active_status                 0x08003179   Thumb Code    44  evnt_handler.o(.text)
    hci_unsol_event_handler                  0x0800321b   Thumb Code   484  evnt_handler.o(.text)
    hci_event_handler                        0x080033ff   Thumb Code  1050  evnt_handler.o(.text)
    hci_unsolicited_event_handler            0x08003819   Thumb Code    46  evnt_handler.o(.text)
    get_socket_active_status                 0x08003847   Thumb Code    34  evnt_handler.o(.text)
    SimpleLinkWaitEvent                      0x08003869   Thumb Code    22  evnt_handler.o(.text)
    SimpleLinkWaitData                       0x0800387f   Thumb Code    26  evnt_handler.o(.text)
    hci_command_send                         0x080038a1   Thumb Code    46  hci.o(.text)
    hci_data_send                            0x080038cf   Thumb Code    66  hci.o(.text)
    hci_data_command_send                    0x08003911   Thumb Code    56  hci.o(.text)
    hci_patch_send                           0x08003949   Thumb Code   216  hci.o(.text)
    netapp_config_mac_adrress                0x08003a21   Thumb Code    12  netapp.o(.text)
    netapp_dhcp                              0x08003a2d   Thumb Code   140  netapp.o(.text)
    netapp_timeout_values                    0x08003ab9   Thumb Code   152  netapp.o(.text)
    netapp_ping_send                         0x08003b51   Thumb Code    94  netapp.o(.text)
    netapp_ping_report                       0x08003baf   Thumb Code    34  netapp.o(.text)
    netapp_ping_stop                         0x08003bd1   Thumb Code    38  netapp.o(.text)
    netapp_ipconfig                          0x08003bf7   Thumb Code    32  netapp.o(.text)
    netapp_arp_flush                         0x08003c17   Thumb Code    38  netapp.o(.text)
    netapp_set_debug_level                   0x08003c3d   Thumb Code    54  netapp.o(.text)
    nvmem_read                               0x08003c79   Thumb Code    94  nvmem.o(.text)
    nvmem_write                              0x08003cd7   Thumb Code   106  nvmem.o(.text)
    nvmem_set_mac_address                    0x08003d41   Thumb Code    20  nvmem.o(.text)
    nvmem_get_mac_address                    0x08003d55   Thumb Code    20  nvmem.o(.text)
    nvmem_write_patch                        0x08003d69   Thumb Code    78  nvmem.o(.text)
    nvmem_read_sp_version                    0x08003db7   Thumb Code    48  nvmem.o(.text)
    nvmem_create_entry                       0x08003de7   Thumb Code    62  nvmem.o(.text)
    expandKey                                0x08003e29   Thumb Code   498  security.o(.text)
    galois_mul2                              0x0800401b   Thumb Code    22  security.o(.text)
    aes_encr                                 0x08004031   Thumb Code  1200  security.o(.text)
    aes_decr                                 0x080044e1   Thumb Code  1478  security.o(.text)
    aes_encrypt                              0x08004aa7   Thumb Code    24  security.o(.text)
    aes_decrypt                              0x08004abf   Thumb Code    24  security.o(.text)
    aes_read_key                             0x08004ad7   Thumb Code    22  security.o(.text)
    aes_write_key                            0x08004aed   Thumb Code    22  security.o(.text)
    HostFlowControlConsumeBuff               0x08004b0d   Thumb Code    72  socket.o(.text)
    socket                                   0x08004b55   Thumb Code    98  socket.o(.text)
    closesocket                              0x08004bb7   Thumb Code    70  socket.o(.text)
    accept                                   0x08004bfd   Thumb Code   118  socket.o(.text)
    bind                                     0x08004c73   Thumb Code   112  socket.o(.text)
    listen                                   0x08004ce3   Thumb Code    74  socket.o(.text)
    gethostbyname                            0x08004d2d   Thumb Code   128  socket.o(.text)
    connect                                  0x08004dad   Thumb Code   112  socket.o(.text)
    select                                   0x08004e1d   Thumb Code   264  socket.o(.text)
    setsockopt                               0x08004f25   Thumb Code   144  socket.o(.text)
    getsockopt                               0x08004fb5   Thumb Code   120  socket.o(.text)
    simple_link_recv                         0x0800502d   Thumb Code   116  socket.o(.text)
    recv                                     0x080050a1   Thumb Code    36  socket.o(.text)
    recvfrom                                 0x080050c5   Thumb Code    42  socket.o(.text)
    simple_link_send                         0x080050ef   Thumb Code   268  socket.o(.text)
    send                                     0x080051fb   Thumb Code    34  socket.o(.text)
    sendto                                   0x0800521d   Thumb Code    40  socket.o(.text)
    mdnsAdvertiser                           0x08005245   Thumb Code   110  socket.o(.text)
    getmssvalue                              0x080052b3   Thumb Code    48  socket.o(.text)
    wlan_init                                0x08005317   Thumb Code    60  wlan.o(.text)
    SpiReceiveHandler                        0x08005353   Thumb Code    20  wlan.o(.text)
    wlan_start                               0x08005367   Thumb Code   136  wlan.o(.text)
    wlan_stop                                0x080053ef   Thumb Code    48  wlan.o(.text)
    wlan_connect                             0x0800541f   Thumb Code   232  wlan.o(.text)
    wlan_disconnect                          0x08005507   Thumb Code    42  wlan.o(.text)
    wlan_ioctl_set_connection_policy         0x08005531   Thumb Code    78  wlan.o(.text)
    wlan_add_profile                         0x0800557f   Thumb Code   622  wlan.o(.text)
    wlan_ioctl_del_profile                   0x080057ed   Thumb Code    50  wlan.o(.text)
    wlan_ioctl_get_scan_results              0x0800581f   Thumb Code    50  wlan.o(.text)
    wlan_ioctl_set_scan_params               0x08005851   Thumb Code   164  wlan.o(.text)
    wlan_set_event_mask                      0x080058f5   Thumb Code   104  wlan.o(.text)
    wlan_ioctl_statusget                     0x0800595d   Thumb Code    34  wlan.o(.text)
    wlan_smart_config_start                  0x0800597f   Thumb Code    56  wlan.o(.text)
    wlan_smart_config_stop                   0x080059b7   Thumb Code    34  wlan.o(.text)
    wlan_smart_config_set_prefix             0x080059d9   Thumb Code    72  wlan.o(.text)
    wlan_smart_config_process                0x08005a21   Thumb Code   268  wlan.o(.text)
    OS_StrLen                                0x08005b39   Thumb Code    20  os_core.o(.text)
    OSEventNameGet                           0x08005b4d   Thumb Code    98  os_core.o(.text)
    OSEventNameSet                           0x08005baf   Thumb Code    84  os_core.o(.text)
    OS_EventTaskRemoveMulti                  0x08005c03   Thumb Code    58  os_core.o(.text)
    OS_Sched                                 0x08005c57   Thumb Code    88  os_core.o(.text)
    OS_EventTaskWaitMulti                    0x08005caf   Thumb Code   136  os_core.o(.text)
    OSEventPendMulti                         0x08005d37   Thumb Code   712  os_core.o(.text)
    OS_TaskStatStkChk                        0x08005fff   Thumb Code    54  os_core.o(.text)
    OS_TaskStat                              0x08006035   Thumb Code   116  os_core.o(.text)
    OS_TaskIdle                              0x080060dd   Thumb Code    34  os_core.o(.text)
    OS_MemClr                                0x08006133   Thumb Code    18  os_core.o(.text)
    OSInit                                   0x08006259   Thumb Code    48  os_core.o(.text)
    OSIntEnter                               0x08006289   Thumb Code    28  os_core.o(.text)
    OSIntExit                                0x080062a5   Thumb Code   112  os_core.o(.text)
    OSSchedLock                              0x08006315   Thumb Code    50  os_core.o(.text)
    OSSchedUnlock                            0x08006347   Thumb Code   236  os_core.o(.text)
    OSStart                                  0x08006433   Thumb Code    48  os_core.o(.text)
    OSStatInit                               0x08006463   Thumb Code    62  os_core.o(.text)
    OSTimeTick                               0x080064a1   Thumb Code   210  os_core.o(.text)
    OSVersion                                0x08006573   Thumb Code     6  os_core.o(.text)
    OS_Dummy                                 0x08006579   Thumb Code     2  os_core.o(.text)
    OS_EventTaskRemove                       0x0800657b   Thumb Code    42  os_core.o(.text)
    OS_EventTaskRdy                          0x080065a5   Thumb Code   128  os_core.o(.text)
    OS_EventTaskWait                         0x08006625   Thumb Code   112  os_core.o(.text)
    OS_EventWaitListInit                     0x08006695   Thumb Code    28  os_core.o(.text)
    OS_MemCopy                               0x080066b1   Thumb Code    20  os_core.o(.text)
    OS_TCBInit                               0x080066c5   Thumb Code   282  os_core.o(.text)
    OSQAccept                                0x08006825   Thumb Code    88  os_q.o(.text)
    OSQCreate                                0x0800687d   Thumb Code   144  os_q.o(.text)
    OSQDel                                   0x0800690d   Thumb Code   244  os_q.o(.text)
    OSQFlush                                 0x08006a01   Thumb Code    36  os_q.o(.text)
    OSQPend                                  0x08006a25   Thumb Code   278  os_q.o(.text)
    OSQPendAbort                             0x08006b3b   Thumb Code   128  os_q.o(.text)
    OSQPost                                  0x08006bbb   Thumb Code   114  os_q.o(.text)
    OSQPostFront                             0x08006c2d   Thumb Code   142  os_q.o(.text)
    OSQPostOpt                               0x08006cbb   Thumb Code   182  os_q.o(.text)
    OSQQuery                                 0x08006d71   Thumb Code    98  os_q.o(.text)
    OS_QInit                                 0x08006dd3   Thumb Code    72  os_q.o(.text)
    OSTaskChangePrio                         0x08006e25   Thumb Code   396  os_task.o(.text)
    OSTaskCreate                             0x08006fb1   Thumb Code   148  os_task.o(.text)
    OS_TaskStkClr                            0x08007045   Thumb Code    26  os_task.o(.text)
    OSTaskCreateExt                          0x0800705f   Thumb Code   170  os_task.o(.text)
    OSTaskDel                                0x08007109   Thumb Code   352  os_task.o(.text)
    OSTaskDelReq                             0x08007269   Thumb Code   100  os_task.o(.text)
    OSTaskNameGet                            0x080072cd   Thumb Code   114  os_task.o(.text)
    OSTaskNameSet                            0x0800733f   Thumb Code    98  os_task.o(.text)
    OSTaskResume                             0x080073a1   Thumb Code   154  os_task.o(.text)
    OSTaskStkChk                             0x0800743b   Thumb Code   132  os_task.o(.text)
    OSTaskSuspend                            0x080074bf   Thumb Code   152  os_task.o(.text)
    OSTaskQuery                              0x08007557   Thumb Code    82  os_task.o(.text)
    OSTaskRegGet                             0x080075a9   Thumb Code    60  os_task.o(.text)
    OSTaskRegSet                             0x080075e5   Thumb Code    62  os_task.o(.text)
    OS_TaskReturn                            0x08007623   Thumb Code    18  os_task.o(.text)
    OSTimeDly                                0x0800764d   Thumb Code   100  os_time.o(.text)
    OSTimeDlyHMSM                            0x080076b1   Thumb Code    86  os_time.o(.text)
    OSTimeDlyResume                          0x08007707   Thumb Code   168  os_time.o(.text)
    OSTimeGet                                0x080077af   Thumb Code    24  os_time.o(.text)
    OSTimeSet                                0x080077c7   Thumb Code    24  os_time.o(.text)
    OS_CPU_SR_Save                           0x080077fd   Thumb Code     0  os_cpu_a.o(.text)
    OS_CPU_SR_Restore                        0x08007805   Thumb Code     0  os_cpu_a.o(.text)
    OSStartHighRdy                           0x0800780b   Thumb Code     0  os_cpu_a.o(.text)
    OSCtxSw                                  0x0800782b   Thumb Code     0  os_cpu_a.o(.text)
    OSIntCtxSw                               0x08007835   Thumb Code     0  os_cpu_a.o(.text)
    PendSV_Handler                           0x0800783f   Thumb Code     0  os_cpu_a.o(.text)
    NVIC_PriorityGroupConfig                 0x080078a1   Thumb Code    10  misc.o(.text)
    NVIC_Init                                0x080078ab   Thumb Code   100  misc.o(.text)
    NVIC_SetVectorTable                      0x0800790f   Thumb Code    14  misc.o(.text)
    NVIC_SystemLPConfig                      0x0800791d   Thumb Code    34  misc.o(.text)
    SysTick_CLKSourceConfig                  0x0800793f   Thumb Code    40  misc.o(.text)
    DMA_DeInit                               0x0800797d   Thumb Code   324  stm32f10x_dma.o(.text)
    DMA_Init                                 0x08007ac1   Thumb Code    60  stm32f10x_dma.o(.text)
    DMA_StructInit                           0x08007afd   Thumb Code    26  stm32f10x_dma.o(.text)
    DMA_Cmd                                  0x08007b17   Thumb Code    24  stm32f10x_dma.o(.text)
    DMA_ITConfig                             0x08007b2f   Thumb Code    18  stm32f10x_dma.o(.text)
    DMA_SetCurrDataCounter                   0x08007b41   Thumb Code     4  stm32f10x_dma.o(.text)
    DMA_GetCurrDataCounter                   0x08007b45   Thumb Code     8  stm32f10x_dma.o(.text)
    DMA_GetFlagStatus                        0x08007b4d   Thumb Code    40  stm32f10x_dma.o(.text)
    DMA_ClearFlag                            0x08007b75   Thumb Code    22  stm32f10x_dma.o(.text)
    DMA_GetITStatus                          0x08007b8b   Thumb Code    40  stm32f10x_dma.o(.text)
    DMA_ClearITPendingBit                    0x08007bb3   Thumb Code    22  stm32f10x_dma.o(.text)
    EXTI_DeInit                              0x08007bd1   Thumb Code    28  stm32f10x_exti.o(.text)
    EXTI_Init                                0x08007bed   Thumb Code   142  stm32f10x_exti.o(.text)
    EXTI_StructInit                          0x08007c7b   Thumb Code    16  stm32f10x_exti.o(.text)
    EXTI_GenerateSWInterrupt                 0x08007c8b   Thumb Code    16  stm32f10x_exti.o(.text)
    EXTI_GetFlagStatus                       0x08007c9b   Thumb Code    22  stm32f10x_exti.o(.text)
    EXTI_ClearFlag                           0x08007cb1   Thumb Code     8  stm32f10x_exti.o(.text)
    EXTI_GetITStatus                         0x08007cb9   Thumb Code    34  stm32f10x_exti.o(.text)
    EXTI_ClearITPendingBit                   0x08007cdb   Thumb Code     8  stm32f10x_exti.o(.text)
    GPIO_DeInit                              0x08007ced   Thumb Code   172  stm32f10x_gpio.o(.text)
    GPIO_AFIODeInit                          0x08007d99   Thumb Code    20  stm32f10x_gpio.o(.text)
    GPIO_Init                                0x08007dad   Thumb Code   278  stm32f10x_gpio.o(.text)
    GPIO_StructInit                          0x08007ec3   Thumb Code    16  stm32f10x_gpio.o(.text)
    GPIO_ReadInputDataBit                    0x08007ed3   Thumb Code    18  stm32f10x_gpio.o(.text)
    GPIO_ReadInputData                       0x08007ee5   Thumb Code     8  stm32f10x_gpio.o(.text)
    GPIO_ReadOutputDataBit                   0x08007eed   Thumb Code    18  stm32f10x_gpio.o(.text)
    GPIO_ReadOutputData                      0x08007eff   Thumb Code     8  stm32f10x_gpio.o(.text)
    GPIO_SetBits                             0x08007f07   Thumb Code     4  stm32f10x_gpio.o(.text)
    GPIO_ResetBits                           0x08007f0b   Thumb Code     4  stm32f10x_gpio.o(.text)
    GPIO_WriteBit                            0x08007f0f   Thumb Code    10  stm32f10x_gpio.o(.text)
    GPIO_Write                               0x08007f19   Thumb Code     4  stm32f10x_gpio.o(.text)
    GPIO_PinLockConfig                       0x08007f1d   Thumb Code    18  stm32f10x_gpio.o(.text)
    GPIO_EventOutputConfig                   0x08007f2f   Thumb Code    26  stm32f10x_gpio.o(.text)
    GPIO_EventOutputCmd                      0x08007f49   Thumb Code     6  stm32f10x_gpio.o(.text)
    GPIO_PinRemapConfig                      0x08007f4f   Thumb Code   138  stm32f10x_gpio.o(.text)
    GPIO_EXTILineConfig                      0x08007fd9   Thumb Code    66  stm32f10x_gpio.o(.text)
    GPIO_ETH_MediaInterfaceConfig            0x0800801b   Thumb Code     8  stm32f10x_gpio.o(.text)
    RCC_DeInit                               0x08008049   Thumb Code    64  stm32f10x_rcc.o(.text)
    RCC_HSEConfig                            0x08008089   Thumb Code    70  stm32f10x_rcc.o(.text)
    RCC_GetFlagStatus                        0x080080cf   Thumb Code    56  stm32f10x_rcc.o(.text)
    RCC_WaitForHSEStartUp                    0x08008107   Thumb Code    56  stm32f10x_rcc.o(.text)
    RCC_AdjustHSICalibrationValue            0x0800813f   Thumb Code    20  stm32f10x_rcc.o(.text)
    RCC_HSICmd                               0x08008153   Thumb Code     6  stm32f10x_rcc.o(.text)
    RCC_PLLConfig                            0x08008159   Thumb Code    24  stm32f10x_rcc.o(.text)
    RCC_PLLCmd                               0x08008171   Thumb Code     6  stm32f10x_rcc.o(.text)
    RCC_SYSCLKConfig                         0x08008177   Thumb Code    18  stm32f10x_rcc.o(.text)
    RCC_GetSYSCLKSource                      0x08008189   Thumb Code    10  stm32f10x_rcc.o(.text)
    RCC_HCLKConfig                           0x08008193   Thumb Code    18  stm32f10x_rcc.o(.text)
    RCC_PCLK1Config                          0x080081a5   Thumb Code    18  stm32f10x_rcc.o(.text)
    RCC_PCLK2Config                          0x080081b7   Thumb Code    20  stm32f10x_rcc.o(.text)
    RCC_ITConfig                             0x080081cb   Thumb Code    26  stm32f10x_rcc.o(.text)
    RCC_USBCLKConfig                         0x080081e5   Thumb Code     8  stm32f10x_rcc.o(.text)
    RCC_ADCCLKConfig                         0x080081ed   Thumb Code    18  stm32f10x_rcc.o(.text)
    RCC_LSEConfig                            0x080081ff   Thumb Code    50  stm32f10x_rcc.o(.text)
    RCC_LSICmd                               0x08008231   Thumb Code     6  stm32f10x_rcc.o(.text)
    RCC_RTCCLKConfig                         0x08008237   Thumb Code    12  stm32f10x_rcc.o(.text)
    RCC_RTCCLKCmd                            0x08008243   Thumb Code     8  stm32f10x_rcc.o(.text)
    RCC_GetClocksFreq                        0x0800824b   Thumb Code   192  stm32f10x_rcc.o(.text)
    RCC_AHBPeriphClockCmd                    0x0800830b   Thumb Code    26  stm32f10x_rcc.o(.text)
    RCC_APB2PeriphClockCmd                   0x08008325   Thumb Code    26  stm32f10x_rcc.o(.text)
    RCC_APB1PeriphClockCmd                   0x0800833f   Thumb Code    26  stm32f10x_rcc.o(.text)
    RCC_APB2PeriphResetCmd                   0x08008359   Thumb Code    26  stm32f10x_rcc.o(.text)
    RCC_APB1PeriphResetCmd                   0x08008373   Thumb Code    26  stm32f10x_rcc.o(.text)
    RCC_BackupResetCmd                       0x0800838d   Thumb Code     8  stm32f10x_rcc.o(.text)
    RCC_ClockSecuritySystemCmd               0x08008395   Thumb Code     6  stm32f10x_rcc.o(.text)
    RCC_MCOConfig                            0x0800839b   Thumb Code     6  stm32f10x_rcc.o(.text)
    RCC_ClearFlag                            0x080083a1   Thumb Code    14  stm32f10x_rcc.o(.text)
    RCC_GetITStatus                          0x080083af   Thumb Code    20  stm32f10x_rcc.o(.text)
    RCC_ClearITPendingBit                    0x080083c3   Thumb Code     6  stm32f10x_rcc.o(.text)
    SPI_I2S_DeInit                           0x080083ed   Thumb Code    76  stm32f10x_spi.o(.text)
    SPI_Init                                 0x08008439   Thumb Code    60  stm32f10x_spi.o(.text)
    I2S_Init                                 0x08008475   Thumb Code   226  stm32f10x_spi.o(.text)
    SPI_StructInit                           0x08008557   Thumb Code    24  stm32f10x_spi.o(.text)
    I2S_StructInit                           0x0800856f   Thumb Code    20  stm32f10x_spi.o(.text)
    SPI_Cmd                                  0x08008583   Thumb Code    24  stm32f10x_spi.o(.text)
    I2S_Cmd                                  0x0800859b   Thumb Code    24  stm32f10x_spi.o(.text)
    SPI_I2S_ITConfig                         0x080085b3   Thumb Code    32  stm32f10x_spi.o(.text)
    SPI_I2S_DMACmd                           0x080085d3   Thumb Code    18  stm32f10x_spi.o(.text)
    SPI_I2S_SendData                         0x080085e5   Thumb Code     4  stm32f10x_spi.o(.text)
    SPI_I2S_ReceiveData                      0x080085e9   Thumb Code     6  stm32f10x_spi.o(.text)
    SPI_NSSInternalSoftwareConfig            0x080085ef   Thumb Code    30  stm32f10x_spi.o(.text)
    SPI_SSOutputCmd                          0x0800860d   Thumb Code    24  stm32f10x_spi.o(.text)
    SPI_DataSizeConfig                       0x08008625   Thumb Code    18  stm32f10x_spi.o(.text)
    SPI_TransmitCRC                          0x08008637   Thumb Code    10  stm32f10x_spi.o(.text)
    SPI_CalculateCRC                         0x08008641   Thumb Code    24  stm32f10x_spi.o(.text)
    SPI_GetCRC                               0x08008659   Thumb Code    16  stm32f10x_spi.o(.text)
    SPI_GetCRCPolynomial                     0x08008669   Thumb Code     6  stm32f10x_spi.o(.text)
    SPI_BiDirectionalLineConfig              0x0800866f   Thumb Code    28  stm32f10x_spi.o(.text)
    SPI_I2S_GetFlagStatus                    0x0800868b   Thumb Code    18  stm32f10x_spi.o(.text)
    SPI_I2S_ClearFlag                        0x0800869d   Thumb Code     6  stm32f10x_spi.o(.text)
    SPI_I2S_GetITStatus                      0x080086a3   Thumb Code    52  stm32f10x_spi.o(.text)
    SPI_I2S_ClearITPendingBit                0x080086d7   Thumb Code    20  stm32f10x_spi.o(.text)
    TIM_DeInit                               0x080086f9   Thumb Code   424  stm32f10x_tim.o(.text)
    TIM_TimeBaseInit                         0x080088a1   Thumb Code   122  stm32f10x_tim.o(.text)
    TIM_OC1Init                              0x0800891b   Thumb Code   132  stm32f10x_tim.o(.text)
    TIM_OC2Init                              0x0800899f   Thumb Code   154  stm32f10x_tim.o(.text)
    TIM_OC3Init                              0x08008a39   Thumb Code   150  stm32f10x_tim.o(.text)
    TIM_OC4Init                              0x08008acf   Thumb Code   182  stm32f10x_tim.o(.text)
    TIM_SetIC4Prescaler                      0x08008b85   Thumb Code    26  stm32f10x_tim.o(.text)
    TIM_SetIC3Prescaler                      0x08008c21   Thumb Code    18  stm32f10x_tim.o(.text)
    TIM_SetIC2Prescaler                      0x08008cad   Thumb Code    26  stm32f10x_tim.o(.text)
    TIM_SetIC1Prescaler                      0x08008d49   Thumb Code    18  stm32f10x_tim.o(.text)
    TIM_ICInit                               0x08008dc7   Thumb Code   150  stm32f10x_tim.o(.text)
    TIM_PWMIConfig                           0x08008e5d   Thumb Code   124  stm32f10x_tim.o(.text)
    TIM_BDTRConfig                           0x08008ed9   Thumb Code    32  stm32f10x_tim.o(.text)
    TIM_TimeBaseStructInit                   0x08008ef9   Thumb Code    18  stm32f10x_tim.o(.text)
    TIM_OCStructInit                         0x08008f0b   Thumb Code    20  stm32f10x_tim.o(.text)
    TIM_ICStructInit                         0x08008f1f   Thumb Code    18  stm32f10x_tim.o(.text)
    TIM_BDTRStructInit                       0x08008f31   Thumb Code    40  stm32f10x_tim.o(.text)
    TIM_Cmd                                  0x08008f59   Thumb Code    24  stm32f10x_tim.o(.text)
    TIM_CtrlPWMOutputs                       0x08008f71   Thumb Code    30  stm32f10x_tim.o(.text)
    TIM_ITConfig                             0x08008f8f   Thumb Code    18  stm32f10x_tim.o(.text)
    TIM_GenerateEvent                        0x08008fa1   Thumb Code     4  stm32f10x_tim.o(.text)
    TIM_DMAConfig                            0x08008fa5   Thumb Code    10  stm32f10x_tim.o(.text)
    TIM_DMACmd                               0x08008faf   Thumb Code    18  stm32f10x_tim.o(.text)
    TIM_InternalClockConfig                  0x08008fc1   Thumb Code    12  stm32f10x_tim.o(.text)
    TIM_SelectInputTrigger                   0x08008fcd   Thumb Code    18  stm32f10x_tim.o(.text)
    TIM_ITRxExternalClockConfig              0x08008fdf   Thumb Code    24  stm32f10x_tim.o(.text)
    TIM_TIxExternalClockConfig               0x08008ff7   Thumb Code    62  stm32f10x_tim.o(.text)
    TIM_ETRConfig                            0x08009035   Thumb Code    28  stm32f10x_tim.o(.text)
    TIM_ETRClockMode1Config                  0x08009051   Thumb Code    54  stm32f10x_tim.o(.text)
    TIM_ETRClockMode2Config                  0x08009087   Thumb Code    32  stm32f10x_tim.o(.text)
    TIM_PrescalerConfig                      0x080090a7   Thumb Code     6  stm32f10x_tim.o(.text)
    TIM_CounterModeConfig                    0x080090ad   Thumb Code    18  stm32f10x_tim.o(.text)
    TIM_EncoderInterfaceConfig               0x080090bf   Thumb Code    66  stm32f10x_tim.o(.text)
    TIM_ForcedOC1Config                      0x08009101   Thumb Code    18  stm32f10x_tim.o(.text)
    TIM_ForcedOC2Config                      0x08009113   Thumb Code    26  stm32f10x_tim.o(.text)
    TIM_ForcedOC3Config                      0x0800912d   Thumb Code    18  stm32f10x_tim.o(.text)
    TIM_ForcedOC4Config                      0x0800913f   Thumb Code    26  stm32f10x_tim.o(.text)
    TIM_ARRPreloadConfig                     0x08009159   Thumb Code    24  stm32f10x_tim.o(.text)
    TIM_SelectCOM                            0x08009171   Thumb Code    24  stm32f10x_tim.o(.text)
    TIM_SelectCCDMA                          0x08009189   Thumb Code    24  stm32f10x_tim.o(.text)
    TIM_CCPreloadControl                     0x080091a1   Thumb Code    24  stm32f10x_tim.o(.text)
    TIM_OC1PreloadConfig                     0x080091b9   Thumb Code    18  stm32f10x_tim.o(.text)
    TIM_OC2PreloadConfig                     0x080091cb   Thumb Code    26  stm32f10x_tim.o(.text)
    TIM_OC3PreloadConfig                     0x080091e5   Thumb Code    18  stm32f10x_tim.o(.text)
    TIM_OC4PreloadConfig                     0x080091f7   Thumb Code    26  stm32f10x_tim.o(.text)
    TIM_OC1FastConfig                        0x08009211   Thumb Code    18  stm32f10x_tim.o(.text)
    TIM_OC2FastConfig                        0x08009223   Thumb Code    26  stm32f10x_tim.o(.text)
    TIM_OC3FastConfig                        0x0800923d   Thumb Code    18  stm32f10x_tim.o(.text)
    TIM_OC4FastConfig                        0x0800924f   Thumb Code    26  stm32f10x_tim.o(.text)
    TIM_ClearOC1Ref                          0x08009269   Thumb Code    18  stm32f10x_tim.o(.text)
    TIM_ClearOC2Ref                          0x0800927b   Thumb Code    24  stm32f10x_tim.o(.text)
    TIM_ClearOC3Ref                          0x08009293   Thumb Code    18  stm32f10x_tim.o(.text)
    TIM_ClearOC4Ref                          0x080092a5   Thumb Code    24  stm32f10x_tim.o(.text)
    TIM_OC1PolarityConfig                    0x080092bd   Thumb Code    18  stm32f10x_tim.o(.text)
    TIM_OC1NPolarityConfig                   0x080092cf   Thumb Code    18  stm32f10x_tim.o(.text)
    TIM_OC2PolarityConfig                    0x080092e1   Thumb Code    26  stm32f10x_tim.o(.text)
    TIM_OC2NPolarityConfig                   0x080092fb   Thumb Code    26  stm32f10x_tim.o(.text)
    TIM_OC3PolarityConfig                    0x08009315   Thumb Code    26  stm32f10x_tim.o(.text)
    TIM_OC3NPolarityConfig                   0x0800932f   Thumb Code    26  stm32f10x_tim.o(.text)
    TIM_OC4PolarityConfig                    0x08009349   Thumb Code    26  stm32f10x_tim.o(.text)
    TIM_CCxCmd                               0x08009363   Thumb Code    30  stm32f10x_tim.o(.text)
    TIM_CCxNCmd                              0x08009381   Thumb Code    30  stm32f10x_tim.o(.text)
    TIM_SelectOCxM                           0x0800939f   Thumb Code    82  stm32f10x_tim.o(.text)
    TIM_UpdateDisableConfig                  0x080093f1   Thumb Code    24  stm32f10x_tim.o(.text)
    TIM_UpdateRequestConfig                  0x08009409   Thumb Code    24  stm32f10x_tim.o(.text)
    TIM_SelectHallSensor                     0x08009421   Thumb Code    24  stm32f10x_tim.o(.text)
    TIM_SelectOnePulseMode                   0x08009439   Thumb Code    18  stm32f10x_tim.o(.text)
    TIM_SelectOutputTrigger                  0x0800944b   Thumb Code    18  stm32f10x_tim.o(.text)
    TIM_SelectSlaveMode                      0x0800945d   Thumb Code    18  stm32f10x_tim.o(.text)
    TIM_SelectMasterSlaveMode                0x0800946f   Thumb Code    18  stm32f10x_tim.o(.text)
    TIM_SetCounter                           0x08009481   Thumb Code     4  stm32f10x_tim.o(.text)
    TIM_SetAutoreload                        0x08009485   Thumb Code     4  stm32f10x_tim.o(.text)
    TIM_SetCompare1                          0x08009489   Thumb Code     4  stm32f10x_tim.o(.text)
    TIM_SetCompare2                          0x0800948d   Thumb Code     4  stm32f10x_tim.o(.text)
    TIM_SetCompare3                          0x08009491   Thumb Code     4  stm32f10x_tim.o(.text)
    TIM_SetCompare4                          0x08009495   Thumb Code     6  stm32f10x_tim.o(.text)
    TIM_SetClockDivision                     0x0800949b   Thumb Code    18  stm32f10x_tim.o(.text)
    TIM_GetCapture1                          0x080094ad   Thumb Code     6  stm32f10x_tim.o(.text)
    TIM_GetCapture2                          0x080094b3   Thumb Code     6  stm32f10x_tim.o(.text)
    TIM_GetCapture3                          0x080094b9   Thumb Code     6  stm32f10x_tim.o(.text)
    TIM_GetCapture4                          0x080094bf   Thumb Code     8  stm32f10x_tim.o(.text)
    TIM_GetCounter                           0x080094c7   Thumb Code     6  stm32f10x_tim.o(.text)
    TIM_GetPrescaler                         0x080094cd   Thumb Code     6  stm32f10x_tim.o(.text)
    TIM_GetFlagStatus                        0x080094d3   Thumb Code    18  stm32f10x_tim.o(.text)
    TIM_ClearFlag                            0x080094e5   Thumb Code     6  stm32f10x_tim.o(.text)
    TIM_GetITStatus                          0x080094eb   Thumb Code    34  stm32f10x_tim.o(.text)
    TIM_ClearITPendingBit                    0x0800950d   Thumb Code     6  stm32f10x_tim.o(.text)
    USART_DeInit                             0x08009515   Thumb Code   134  stm32f10x_usart.o(.text)
    USART_Init                               0x0800959b   Thumb Code   210  stm32f10x_usart.o(.text)
    USART_StructInit                         0x0800966d   Thumb Code    24  stm32f10x_usart.o(.text)
    USART_ClockInit                          0x08009685   Thumb Code    34  stm32f10x_usart.o(.text)
    USART_ClockStructInit                    0x080096a7   Thumb Code    12  stm32f10x_usart.o(.text)
    USART_Cmd                                0x080096b3   Thumb Code    24  stm32f10x_usart.o(.text)
    USART_ITConfig                           0x080096cb   Thumb Code    74  stm32f10x_usart.o(.text)
    USART_DMACmd                             0x08009715   Thumb Code    18  stm32f10x_usart.o(.text)
    USART_SetAddress                         0x08009727   Thumb Code    18  stm32f10x_usart.o(.text)
    USART_WakeUpConfig                       0x08009739   Thumb Code    18  stm32f10x_usart.o(.text)
    USART_ReceiverWakeUpCmd                  0x0800974b   Thumb Code    24  stm32f10x_usart.o(.text)
    USART_LINBreakDetectLengthConfig         0x08009763   Thumb Code    18  stm32f10x_usart.o(.text)
    USART_LINCmd                             0x08009775   Thumb Code    24  stm32f10x_usart.o(.text)
    USART_SendData                           0x0800978d   Thumb Code     8  stm32f10x_usart.o(.text)
    USART_ReceiveData                        0x08009795   Thumb Code    10  stm32f10x_usart.o(.text)
    USART_SendBreak                          0x0800979f   Thumb Code    10  stm32f10x_usart.o(.text)
    USART_SetGuardTime                       0x080097a9   Thumb Code    16  stm32f10x_usart.o(.text)
    USART_SetPrescaler                       0x080097b9   Thumb Code    16  stm32f10x_usart.o(.text)
    USART_SmartCardCmd                       0x080097c9   Thumb Code    24  stm32f10x_usart.o(.text)
    USART_SmartCardNACKCmd                   0x080097e1   Thumb Code    24  stm32f10x_usart.o(.text)
    USART_HalfDuplexCmd                      0x080097f9   Thumb Code    24  stm32f10x_usart.o(.text)
    USART_OverSampling8Cmd                   0x08009811   Thumb Code    22  stm32f10x_usart.o(.text)
    USART_OneBitMethodCmd                    0x08009827   Thumb Code    24  stm32f10x_usart.o(.text)
    USART_IrDAConfig                         0x0800983f   Thumb Code    18  stm32f10x_usart.o(.text)
    USART_IrDACmd                            0x08009851   Thumb Code    24  stm32f10x_usart.o(.text)
    USART_GetFlagStatus                      0x08009869   Thumb Code    26  stm32f10x_usart.o(.text)
    USART_ClearFlag                          0x08009883   Thumb Code    18  stm32f10x_usart.o(.text)
    USART_GetITStatus                        0x08009895   Thumb Code    84  stm32f10x_usart.o(.text)
    USART_ClearITPendingBit                  0x080098e9   Thumb Code    52  stm32f10x_usart.o(.text)
    OSFlagAccept                             0x0800991d   Thumb Code   252  os_flag.o(.text)
    OSFlagCreate                             0x08009a19   Thumb Code    86  os_flag.o(.text)
    OS_FlagUnlink                            0x08009a6f   Thumb Code    36  os_flag.o(.text)
    OSFlagDel                                0x08009ae5   Thumb Code   214  os_flag.o(.text)
    OSFlagNameGet                            0x08009bbb   Thumb Code    80  os_flag.o(.text)
    OSFlagNameSet                            0x08009c0b   Thumb Code    66  os_flag.o(.text)
    OSFlagPend                               0x08009ce5   Thumb Code   614  os_flag.o(.text)
    OSFlagPendGetFlagsRdy                    0x08009f4b   Thumb Code    26  os_flag.o(.text)
    OSFlagPost                               0x08009f65   Thumb Code   312  os_flag.o(.text)
    OSFlagQuery                              0x0800a09d   Thumb Code    48  os_flag.o(.text)
    OS_FlagInit                              0x0800a0cd   Thumb Code    78  os_flag.o(.text)
    OSMemCreate                              0x0800a129   Thumb Code   118  os_mem.o(.text)
    OSMemGet                                 0x0800a19f   Thumb Code    62  os_mem.o(.text)
    OSMemNameGet                             0x0800a1dd   Thumb Code    60  os_mem.o(.text)
    OSMemNameSet                             0x0800a219   Thumb Code    48  os_mem.o(.text)
    OSMemPut                                 0x0800a249   Thumb Code    54  os_mem.o(.text)
    OSMemQuery                               0x0800a27f   Thumb Code    52  os_mem.o(.text)
    OS_MemInit                               0x0800a2b3   Thumb Code    74  os_mem.o(.text)
    OSInitHookBegin                          0x0800a30d   Thumb Code     2  os_cpu_c.o(.text)
    OSInitHookEnd                            0x0800a30f   Thumb Code     2  os_cpu_c.o(.text)
    OSTaskCreateHook                         0x0800a311   Thumb Code     2  os_cpu_c.o(.text)
    OSTaskDelHook                            0x0800a313   Thumb Code     2  os_cpu_c.o(.text)
    OSTaskIdleHook                           0x0800a315   Thumb Code     2  os_cpu_c.o(.text)
    OSTaskStatHook                           0x0800a317   Thumb Code     2  os_cpu_c.o(.text)
    OSTaskStkInit                            0x0800a319   Thumb Code   154  os_cpu_c.o(.text)
    OSTaskSwHook                             0x0800a3b3   Thumb Code     2  os_cpu_c.o(.text)
    OSTCBInitHook                            0x0800a3b5   Thumb Code     2  os_cpu_c.o(.text)
    OSTimeTickHook                           0x0800a3b7   Thumb Code     2  os_cpu_c.o(.text)
    OSTaskReturnHook                         0x0800a3b9   Thumb Code     2  os_cpu_c.o(.text)
    OS_CPU_SysTickHandler                    0x0800a3bb   Thumb Code    34  os_cpu_c.o(.text)
    OS_CPU_SysTickInit                       0x0800a3dd   Thumb Code    42  os_cpu_c.o(.text)
    __rt_ctype_table                         0x0800a40d   Thumb Code     4  ctype_o.o(.text)
    __aeabi_memcpy                           0x0800a415   Thumb Code    36  memcpya.o(.text)
    __aeabi_memcpy4                          0x0800a415   Thumb Code     0  memcpya.o(.text)
    __aeabi_memcpy8                          0x0800a415   Thumb Code     0  memcpya.o(.text)
    __aeabi_memset                           0x0800a439   Thumb Code    14  memseta.o(.text)
    __aeabi_memset4                          0x0800a439   Thumb Code     0  memseta.o(.text)
    __aeabi_memset8                          0x0800a439   Thumb Code     0  memseta.o(.text)
    __aeabi_memclr                           0x0800a447   Thumb Code     4  memseta.o(.text)
    __aeabi_memclr4                          0x0800a447   Thumb Code     0  memseta.o(.text)
    __aeabi_memclr8                          0x0800a447   Thumb Code     0  memseta.o(.text)
    _memset$wrapper                          0x0800a44b   Thumb Code    18  memseta.o(.text)
    strlen                                   0x0800a45d   Thumb Code    14  strlen.o(.text)
    strcpy                                   0x0800a46b   Thumb Code    18  strcpy.o(.text)
    __scatterload                            0x0800a47d   Thumb Code    28  init.o(.text)
    __scatterload_rt2                        0x0800a47d   Thumb Code     0  init.o(.text)
    __decompress                             0x0800a4a1   Thumb Code     0  __dczerorl2.o(.text)
    __decompress1                            0x0800a4a1   Thumb Code    86  __dczerorl2.o(.text)
    __aeabi_errno_addr                       0x0800a4f9   Thumb Code     4  errno.o(i.__aeabi_errno_addr)
    __rt_errno_addr                          0x0800a4f9   Thumb Code     0  errno.o(i.__aeabi_errno_addr)
    __scatterload_copy                       0x0800a501   Thumb Code    14  handlers.o(i.__scatterload_copy)
    __scatterload_null                       0x0800a50f   Thumb Code     2  handlers.o(i.__scatterload_null)
    __scatterload_zeroinit                   0x0800a511   Thumb Code    14  handlers.o(i.__scatterload_zeroinit)
    smartconfigkey                           0x0800a51e   Data          16  wifi_application.o(.constdata)
    LED_PIN                                  0x0800a52e   Data           8  bsp.o(.constdata)
    rfSettings                               0x0800a536   Data          37  cc1101.o(.constdata)
    sbox                                     0x0800a55b   Data         256  security.o(.constdata)
    rsbox                                    0x0800a65b   Data         256  security.o(.constdata)
    Rcon                                     0x0800a75b   Data          11  security.o(.constdata)
    OSUnMapTbl                               0x0800a766   Data         256  os_core.o(.constdata)
    __ctype_table                            0x0800a866   Data         129  ctype_o.o(.constdata)
    Region$$Table$$Base                      0x0800a8ec   Number         0  anon$$obj.o(Region$$Table)
    Region$$Table$$Limit                     0x0800a90c   Number         0  anon$$obj.o(Region$$Table)
    SystemCoreClock                          0x20000000   Data           4  system_stm32f10x.o(.data)
    AHBPrescTable                            0x20000004   Data          16  system_stm32f10x.o(.data)
    UartQSem                                 0x20000014   Data           4  app.o(.data)
    err                                      0x20000018   Data           1  app.o(.data)
    WiFi_Status                              0x20000019   Data           1  app.o(.data)
    CommandAckTimerOut                       0x2000001a   Data           1  app.o(.data)
    DisplayStatus                            0x2000001b   Data           1  app.o(.data)
    DataDisplayRefreshFlag                   0x2000001c   Data           1  app.o(.data)
    CurrentAddress                           0x2000001d   Data           1  app.o(.data)
    reconnectnum                             0x2000001e   Data           1  app.o(.data)
    SYNC0_addr                               0x2000001f   Data           1  app.o(.data)
    Sp_Fw                                    0x20000022   Data           5  cc3000_task.o(.data)
    Heart_Beat_Flag                          0x20000028   Data           1  wifi_application.o(.data)
    TCP_Mode                                 0x20000029   Data           1  wifi_application.o(.data)
    Relay_Cty_Flag                           0x2000002a   Data           2  wifi_application.o(.data)
    ulSmartConfigFinished                    0x2000002c   Data           4  wifi_application.o(.data)
    ulCC3000Connected                        0x20000030   Data           4  wifi_application.o(.data)
    ulCC3000DHCP                             0x20000034   Data           4  wifi_application.o(.data)
    OkToDoShutDown                           0x20000038   Data           4  wifi_application.o(.data)
    ulCC3000DHCP_configured                  0x2000003c   Data           4  wifi_application.o(.data)
    ucStopSmartConfig                        0x20000040   Data           1  wifi_application.o(.data)
    ulSocket                                 0x20000044   Data           4  wifi_application.o(.data)
    ulWifiEvent                              0x20000048   Data           1  wifi_application.o(.data)
    ulCC3000Resetflags                       0x20000049   Data           1  wifi_application.o(.data)
    aucCC3000_prefix                         0x2000004a   Data           3  wifi_application.o(.data)
    device_name                              0x2000004d   Data           7  wifi_application.o(.data)
    WIFIRxLen                                0x20000054   Data           2  wifi_application.o(.data)
    WIFITxLen                                0x20000056   Data           2  wifi_application.o(.data)
    DeviceMac_Addr                           0x20000058   Data           6  wifi_application.o(.data)
    ConnectedssidSecurityLength              0x2000005e   Data           1  wifi_application.o(.data)
    deviceLanPort                            0x2000005f   Data           2  wifi_application.o(.data)
    deviceLanIP                              0x20000061   Data           4  wifi_application.o(.data)
    SysEvent                                 0x20000065   Data           1  wifi_application.o(.data)
    ulCC3000IRQDelayFlags                    0x20000066   Data           1  wifi_application.o(.data)
    MsgWorkStateBody                         0x2000006c   Data           6  dataprocess.o(.data)
    HeartBeatAckBody                         0x20000072   Data           2  dataprocess.o(.data)
    LoginMsgBody                             0x20000074   Data           4  dataprocess.o(.data)
    MsgBegin                                 0x20000078   Data           4  dataprocess.o(.data)
    MsgLength                                0x2000007c   Data           4  dataprocess.o(.data)
    SequenceId                               0x20000080   Data           4  dataprocess.o(.data)
    CommandId                                0x20000084   Data           5  dataprocess.o(.data)
    MsgStatus                                0x20000089   Data           5  dataprocess.o(.data)
    TerminalStatus                           0x2000008e   Data           5  dataprocess.o(.data)
    WorEnableFlag                            0x20000093   Data           5  dataprocess.o(.data)
    LastTimeDelay                            0x20000098   Data           1  dataprocess.o(.data)
    PackageLoseNum                           0x20000099   Data           1  dataprocess.o(.data)
    CurrentSpeed                             0x2000009a   Data           5  dataprocess.o(.data)
    TerminalPowerPrecent                     0x2000009f   Data           5  dataprocess.o(.data)
    MaxSpeedLimited                          0x200000a4   Data           5  dataprocess.o(.data)
    MinSpeedLimited                          0x200000a9   Data           5  dataprocess.o(.data)
    WorkingStatus                            0x200000ae   Data           5  dataprocess.o(.data)
    LoginStatus                              0x200000b3   Data           5  dataprocess.o(.data)
    LogoutStatus                             0x200000b8   Data           5  dataprocess.o(.data)
    HeartBeatStatus                          0x200000bd   Data           5  dataprocess.o(.data)
    CC3000Rxlen                              0x200000c2   Data           1  dataprocess.o(.data)
    CC1101DataRecFlag                        0x200000c3   Data           1  dataprocess.o(.data)
    LED_PORT                                 0x200000c4   Data          16  bsp.o(.data)
    delayCount                               0x200000d4   Data           4  bsp.o(.data)
    Key_event_Flag                           0x200000d8   Data           1  bsp.o(.data)
    Key_event_timeout                        0x200000da   Data           2  bsp.o(.data)
    Relay_Flag                               0x200000dc   Data           2  bsp.o(.data)
    PaTabel                                  0x200000e1   Data           8  cc1101.o(.data)
    UartSendFlag                             0x200000ec   Data           1  uart.o(.data)
    tSpiReadHeader                           0x200000f3   Data           5  cc3000spi.o(.data)
    socket_active_status                     0x200000f8   Data           4  evnt_handler.o(.data)
    OSCtxSwCtr                               0x200000fc   Data           4  os_core.o(.data)
    OSEventFreeList                          0x20000100   Data           4  os_core.o(.data)
    OSFlagFreeList                           0x20000104   Data           4  os_core.o(.data)
    OSCPUUsage                               0x20000108   Data           1  os_core.o(.data)
    OSIdleCtrMax                             0x2000010c   Data           4  os_core.o(.data)
    OSIdleCtrRun                             0x20000110   Data           4  os_core.o(.data)
    OSStatRdy                                0x20000114   Data           1  os_core.o(.data)
    OSIntNesting                             0x20000115   Data           1  os_core.o(.data)
    OSLockNesting                            0x20000116   Data           1  os_core.o(.data)
    OSPrioCur                                0x20000117   Data           1  os_core.o(.data)
    OSPrioHighRdy                            0x20000118   Data           1  os_core.o(.data)
    OSRdyGrp                                 0x20000119   Data           1  os_core.o(.data)
    OSRdyTbl                                 0x2000011a   Data           8  os_core.o(.data)
    OSRunning                                0x20000122   Data           1  os_core.o(.data)
    OSTaskCtr                                0x20000123   Data           1  os_core.o(.data)
    OSIdleCtr                                0x20000124   Data           4  os_core.o(.data)
    OSTCBCur                                 0x20000128   Data           4  os_core.o(.data)
    OSTCBFreeList                            0x2000012c   Data           4  os_core.o(.data)
    OSTCBHighRdy                             0x20000130   Data           4  os_core.o(.data)
    OSTCBList                                0x20000134   Data           4  os_core.o(.data)
    OSTickStepState                          0x20000138   Data           1  os_core.o(.data)
    OSMemFreeList                            0x2000013c   Data           4  os_core.o(.data)
    OSQFreeList                              0x20000140   Data           4  os_core.o(.data)
    OSTime                                   0x20000144   Data           4  os_core.o(.data)
    GstkStart                                0x20000160   Data         400  app.o(.bss)
    WLANTaskStk                              0x200002f0   Data         400  app.o(.bss)
    CC1101ReceiveTaskStk                     0x20000480   Data         400  app.o(.bss)
    CC1101TransmitTaskStk                    0x20000610   Data         400  app.o(.bss)
    UartTaskStk                              0x200007a0   Data         400  app.o(.bss)
    FlashTaskStk                             0x20000930   Data         400  app.o(.bss)
    LCDTaskStk                               0x20000ac0   Data         400  app.o(.bss)
    Ipconfig                                 0x20000d4c   Data          58  wifi_application.o(.bss)
    result_ssid                              0x20000d86   Data          32  wifi_application.o(.bss)
    WIFITxBuf                                0x20000da6   Data        1024  wifi_application.o(.bss)
    ConnectedssidName                        0x200011a6   Data          50  wifi_application.o(.bss)
    ConnectedssidSecurity                    0x200011d8   Data          50  wifi_application.o(.bss)
    pucCC3000_Rx_Buffer                      0x2000120a   Data          52  wifi_application.o(.bss)
    EventTimeOut                             0x20001240   Data          32  wifi_application.o(.bss)
    MsgHead                                  0x20001260   Data          20  dataprocess.o(.bss)
    TxBuffer                                 0x20001274   Data          64  dataprocess.o(.bss)
    ModelAddress                             0x200012b4   Data          20  dataprocess.o(.bss)
    TerminalID                               0x200012c8   Data          30  dataprocess.o(.bss)
    ProtocolVersion                          0x200012e6   Data          10  dataprocess.o(.bss)
    HardwareVersion                          0x200012f0   Data          10  dataprocess.o(.bss)
    TotalDrip                                0x200012fc   Data          20  dataprocess.o(.bss)
    CC1101RxBuf                              0x20001310   Data          64  dataprocess.o(.bss)
    CC3000RxBuf                              0x20001350   Data          64  dataprocess.o(.bss)
    sSpiInformation                          0x20001428   Data          20  cc3000spi.o(.bss)
    wlan_rx_buffer                           0x2000143c   Data         131  cc3000spi.o(.bss)
    wlan_tx_buffer                           0x200014bf   Data         131  cc3000spi.o(.bss)
    expandedKey                              0x20001542   Data         176  security.o(.bss)
    tSLInformation                           0x200015f4   Data          68  wlan.o(.bss)
    key                                      0x20001638   Data          16  wlan.o(.bss)
    profileArray                             0x20001648   Data          67  wlan.o(.bss)
    OSEventTbl                               0x2000168c   Data         240  os_core.o(.bss)
    OSFlagTbl                                0x2000177c   Data          80  os_core.o(.bss)
    OSTaskStatStk                            0x200017cc   Data         512  os_core.o(.bss)
    OSTaskIdleStk                            0x200019cc   Data         512  os_core.o(.bss)
    OSTCBPrioTbl                             0x20001bcc   Data         256  os_core.o(.bss)
    OSTCBTbl                                 0x20001ccc   Data        1936  os_core.o(.bss)
    OSMemTbl                                 0x2000245c   Data         120  os_core.o(.bss)
    OSQTbl                                   0x200024d4   Data          96  os_core.o(.bss)
    __initial_sp                             0x20002938   Data           0  startup_stm32f10x_md.o(STACK)



==============================================================================

Memory Map of the image

  Image Entry point : 0x080000ed

  Load Region LR_IROM1 (Base: 0x08000000, Size: 0x0000aa6c, Max: 0x00010000, ABSOLUTE, COMPRESSED[0x0000a958])

    Execution Region ER_IROM1 (Base: 0x08000000, Size: 0x0000a90c, Max: 0x00010000, ABSOLUTE)

    Base Addr    Size         Type   Attr      Idx    E Section Name        Object

    0x08000000   0x000000ec   Data   RO          116    RESET               startup_stm32f10x_md.o
    0x080000ec   0x00000000   Code   RO          963  * .ARM.Collect$$$$00000000  mc_w.l(entry.o)
    0x080000ec   0x00000004   Code   RO         1011    .ARM.Collect$$$$00000001  mc_w.l(entry2.o)
    0x080000f0   0x00000004   Code   RO         1014    .ARM.Collect$$$$00000004  mc_w.l(entry5.o)
    0x080000f4   0x00000000   Code   RO         1016    .ARM.Collect$$$$00000008  mc_w.l(entry7b.o)
    0x080000f4   0x00000000   Code   RO         1018    .ARM.Collect$$$$0000000A  mc_w.l(entry8b.o)
    0x080000f4   0x00000008   Code   RO         1019    .ARM.Collect$$$$0000000B  mc_w.l(entry9a.o)
    0x080000fc   0x00000000   Code   RO         1021    .ARM.Collect$$$$0000000D  mc_w.l(entry10a.o)
    0x080000fc   0x00000000   Code   RO         1023    .ARM.Collect$$$$0000000F  mc_w.l(entry11a.o)
    0x080000fc   0x00000004   Code   RO         1012    .ARM.Collect$$$$00002712  mc_w.l(entry2.o)
    0x08000100   0x000001e0   Code   RO           17    .text               system_stm32f10x.o
    0x080002e0   0x00000024   Code   RO          117    .text               startup_stm32f10x_md.o
    0x08000304   0x00000280   Code   RO          121    .text               app.o
    0x08000584   0x0000001c   Code   RO          272    .text               cc3000_task.o
    0x080005a0   0x00000bdc   Code   RO          287    .text               wifi_application.o
    0x0800117c   0x00000044   Code   RO          341    .text               dataprocess.o
    0x080011c0   0x00000016   Code   RO          375    .text               stm32f10x_it.o
    0x080011d6   0x00000002   PAD
    0x080011d8   0x000003b4   Code   RO          397    .text               bsp.o
    0x0800158c   0x00000524   Code   RO          417    .text               spi_flash.o
    0x08001ab0   0x00000744   Code   RO          447    .text               cc1101.o
    0x080021f4   0x00000628   Code   RO          464    .text               uart.o
    0x0800281c   0x00000054   Code   RO          481    .text               cc3000_common.o
    0x08002870   0x0000084c   Code   RO          513    .text               cc3000spi.o
    0x080030bc   0x000007e4   Code   RO          543    .text               evnt_handler.o
    0x080038a0   0x00000180   Code   RO          568    .text               hci.o
    0x08003a20   0x00000258   Code   RO          580    .text               netapp.o
    0x08003c78   0x000001b0   Code   RO          598    .text               nvmem.o
    0x08003e28   0x00000ce4   Code   RO          614    .text               security.o
    0x08004b0c   0x000007dc   Code   RO          633    .text               socket.o
    0x080052e8   0x00000850   Code   RO          645    .text               wlan.o
    0x08005b38   0x00000cec   Code   RO          667    .text               COSII_Lib.lib(os_core.o)
    0x08006824   0x00000600   Code   RO          696    .text               COSII_Lib.lib(os_q.o)
    0x08006e24   0x00000828   Code   RO          712    .text               COSII_Lib.lib(os_task.o)
    0x0800764c   0x000001b0   Code   RO          724    .text               COSII_Lib.lib(os_time.o)
    0x080077fc   0x000000a4   Code   RO          736    .text               COSII_Lib.lib(os_cpu_a.o)
    0x080078a0   0x000000dc   Code   RO          739    .text               STM32_Lib.lib(misc.o)
    0x0800797c   0x00000254   Code   RO          834    .text               STM32_Lib.lib(stm32f10x_dma.o)
    0x08007bd0   0x0000011c   Code   RO          846    .text               STM32_Lib.lib(stm32f10x_exti.o)
    0x08007cec   0x0000035c   Code   RO          858    .text               STM32_Lib.lib(stm32f10x_gpio.o)
    0x08008048   0x000003a4   Code   RO          870    .text               STM32_Lib.lib(stm32f10x_rcc.o)
    0x080083ec   0x0000030c   Code   RO          884    .text               STM32_Lib.lib(stm32f10x_spi.o)
    0x080086f8   0x00000e1a   Code   RO          896    .text               STM32_Lib.lib(stm32f10x_tim.o)
    0x08009512   0x00000002   PAD
    0x08009514   0x00000408   Code   RO          908    .text               STM32_Lib.lib(stm32f10x_usart.o)
    0x0800991c   0x0000080c   Code   RO          920    .text               COSII_Lib.lib(os_flag.o)
    0x0800a128   0x000001e4   Code   RO          932    .text               COSII_Lib.lib(os_mem.o)
    0x0800a30c   0x00000100   Code   RO          944    .text               COSII_Lib.lib(os_cpu_c.o)
    0x0800a40c   0x00000008   Code   RO          966    .text               mc_w.l(ctype_o.o)
    0x0800a414   0x00000024   Code   RO          994    .text               mc_w.l(memcpya.o)
    0x0800a438   0x00000024   Code   RO          996    .text               mc_w.l(memseta.o)
    0x0800a45c   0x0000000e   Code   RO          998    .text               mc_w.l(strlen.o)
    0x0800a46a   0x00000012   Code   RO         1000    .text               mc_w.l(strcpy.o)
    0x0800a47c   0x00000024   Code   RO         1025    .text               mc_w.l(init.o)
    0x0800a4a0   0x00000056   Code   RO         1035    .text               mc_w.l(__dczerorl2.o)
    0x0800a4f6   0x00000002   PAD
    0x0800a4f8   0x00000008   Code   RO         1004    i.__aeabi_errno_addr  mc_w.l(errno.o)
    0x0800a500   0x0000000e   Code   RO         1029    i.__scatterload_copy  mc_w.l(handlers.o)
    0x0800a50e   0x00000002   Code   RO         1030    i.__scatterload_null  mc_w.l(handlers.o)
    0x0800a510   0x0000000e   Code   RO         1031    i.__scatterload_zeroinit  mc_w.l(handlers.o)
    0x0800a51e   0x00000010   Data   RO          289    .constdata          wifi_application.o
    0x0800a52e   0x00000008   Data   RO          398    .constdata          bsp.o
    0x0800a536   0x00000025   Data   RO          448    .constdata          cc1101.o
    0x0800a55b   0x0000020b   Data   RO          616    .constdata          security.o
    0x0800a766   0x00000100   Data   RO          669    .constdata          COSII_Lib.lib(os_core.o)
    0x0800a866   0x00000081   Data   RO          967    .constdata          mc_w.l(ctype_o.o)
    0x0800a8e7   0x00000001   PAD
    0x0800a8e8   0x00000004   Data   RO          968    .constdata          mc_w.l(ctype_o.o)
    0x0800a8ec   0x00000020   Data   RO         1027    Region$$Table       anon$$obj.o


    Execution Region RW_IRAM1 (Base: 0x20000000, Size: 0x00002938, Max: 0x00005000, ABSOLUTE, COMPRESSED[0x0000004c])

    Base Addr    Size         Type   Attr      Idx    E Section Name        Object

    0x20000000   0x00000014   Data   RW           18    .data               system_stm32f10x.o
    0x20000014   0x0000000e   Data   RW          123    .data               app.o
    0x20000022   0x00000005   Data   RW          273    .data               cc3000_task.o
    0x20000027   0x00000001   PAD
    0x20000028   0x00000044   Data   RW          290    .data               wifi_application.o
    0x2000006c   0x00000058   Data   RW          343    .data               dataprocess.o
    0x200000c4   0x0000001d   Data   RW          399    .data               bsp.o
    0x200000e1   0x0000000a   Data   RW          449    .data               cc1101.o
    0x200000eb   0x00000001   PAD
    0x200000ec   0x00000005   Data   RW          466    .data               uart.o
    0x200000f1   0x00000007   Data   RW          515    .data               cc3000spi.o
    0x200000f8   0x00000004   Data   RW          544    .data               evnt_handler.o
    0x200000fc   0x0000004c   Data   RW          670    .data               COSII_Lib.lib(os_core.o)
    0x20000148   0x00000014   Data   RW          871    .data               STM32_Lib.lib(stm32f10x_rcc.o)
    0x2000015c   0x00000004   Data   RW         1007    .data               mc_w.l(errno.o)
    0x20000160   0x00000bea   Zero   RW          122    .bss                app.o
    0x20000d4a   0x00000002   PAD
    0x20000d4c   0x00000514   Zero   RW          288    .bss                wifi_application.o
    0x20001260   0x00000130   Zero   RW          342    .bss                dataprocess.o
    0x20001390   0x00000096   Zero   RW          465    .bss                uart.o
    0x20001426   0x00000002   PAD
    0x20001428   0x0000011a   Zero   RW          514    .bss                cc3000spi.o
    0x20001542   0x000000b0   Zero   RW          615    .bss                security.o
    0x200015f2   0x00000002   PAD
    0x200015f4   0x00000097   Zero   RW          646    .bss                wlan.o
    0x2000168b   0x00000001   PAD
    0x2000168c   0x00000ea8   Zero   RW          668    .bss                COSII_Lib.lib(os_core.o)
    0x20002534   0x00000004   PAD
    0x20002538   0x00000400   Zero   RW          114    STACK               startup_stm32f10x_md.o


==============================================================================

Image component sizes


      Code (inc. data)   RO Data    RW Data    ZI Data      Debug   Object Name

       640         94          0         14       3050     283257   app.o
       948         58          8         29          0      18846   bsp.o
      1860         48         37         10          0       6299   cc1101.o
        84          0          0          0          0       7644   cc3000_common.o
        28          4          0          5          0        935   cc3000_task.o
      2124         86          0          7        282      24549   cc3000spi.o
         0          0          0          0          0       4536   core_cm3.o
        68         12          0         88        304       4510   dataprocess.o
      2020         64          0          4          0       6229   evnt_handler.o
       384          0          0          0          0       1906   hci.o
       600          6          0          0          0       3711   netapp.o
       432          4          0          0          0       2488   nvmem.o
      3300         26        523          0        176       4095   security.o
      2012         10          0          0          0       9449   socket.o
      1316         22          0          0          0       5260   spi_flash.o
        36          8        236          0       1024        808   startup_stm32f10x_md.o
        22          0          0          0          0        999   stm32f10x_it.o
       480         38          0         20          0     252751   system_stm32f10x.o
      1576        102          0          5        150       4018   uart.o
      3036        200         16         68       1300      15309   wifi_application.o
      2128         28          0          0        151      11821   wlan.o

    ----------------------------------------------------------------------
     23096        810        852        252       6444     669420   Object Totals
         0          0         32          0          0          0   (incl. Generated)
         2          0          0          2          7          0   (incl. Padding)

    ----------------------------------------------------------------------

      Code (inc. data)   RO Data    RW Data    ZI Data      Debug   Library Member Name

      3308        278        256         76       3752      18623   os_core.o
       164         32          0          0          0        304   os_cpu_a.o
       256          6          0          0          0      11462   os_cpu_c.o
      2060         42          0          0          0       6740   os_flag.o
       484         16          0          0          0       3068   os_mem.o
      1536         36          0          0          0      13340   os_q.o
      2088         68          0          0          0       7533   os_task.o
       432         30          0          0          0       1758   os_time.o
       220         22          0          0          0     267361   misc.o
       596          8          0          0          0       4258   stm32f10x_dma.o
       284         10          0          0          0       2163   stm32f10x_exti.o
       860         38          0          0          0       5577   stm32f10x_gpio.o
       932         36          0         20          0       8740   stm32f10x_rcc.o
       780         14          0          0          0       6454   stm32f10x_spi.o
      3610         88          0          0          0      22060   stm32f10x_tim.o
      1032         22          0          0          0       8300   stm32f10x_usart.o
        86          0          0          0          0          0   __dczerorl2.o
         8          4        133          0          0         68   ctype_o.o
         0          0          0          0          0          0   entry.o
         0          0          0          0          0          0   entry10a.o
         0          0          0          0          0          0   entry11a.o
         8          4          0          0          0          0   entry2.o
         4          0          0          0          0          0   entry5.o
         0          0          0          0          0          0   entry7b.o
         0          0          0          0          0          0   entry8b.o
         8          4          0          0          0          0   entry9a.o
         8          4          0          4          0         68   errno.o
        30          0          0          0          0          0   handlers.o
        36          8          0          0          0         68   init.o
        36          0          0          0          0         68   memcpya.o
        36          0          0          0          0        108   memseta.o
        18          0          0          0          0         68   strcpy.o
        14          0          0          0          0         68   strlen.o

    ----------------------------------------------------------------------
     18938        770        390        100       3756     388257   Library Totals
         4          0          1          0          4          0   (incl. Padding)

    ----------------------------------------------------------------------

      Code (inc. data)   RO Data    RW Data    ZI Data      Debug   Library Name

     10328        508        256         76       3752      62828   COSII_Lib.lib
      8314        238          0         20          0     324913   STM32_Lib.lib
       292         24        133          4          0        516   mc_w.l

    ----------------------------------------------------------------------
     18938        770        390        100       3756     388257   Library Totals

    ----------------------------------------------------------------------

==============================================================================


      Code (inc. data)   RO Data    RW Data    ZI Data      Debug   

     42034       1580       1242        352      10200    1054477   Grand Totals
     42034       1580       1242         76      10200    1054477   ELF Image Totals (compressed)
     42034       1580       1242         76          0          0   ROM Totals

==============================================================================

    Total RO  Size (Code + RO Data)                43276 (  42.26kB)
    Total RW  Size (RW Data + ZI Data)             10552 (  10.30kB)
    Total ROM Size (Code + RO Data + RW Data)      43352 (  42.34kB)

==============================================================================

