<html>
<body>
<pre>
<h1>µVision Build Log</h1>
<h2>Tool Versions:</h2>
IDE-Version: ¦ÌVision V5.13.0.0
Copyright (C) 2014 ARM Ltd and ARM Germany GmbH. All rights reserved.
License Information: 11111 111111111, 1111111, LIC=ZB412-9A8VP-ADXKK-ZW20H-R17V5-ANPT6
 
Tool Versions:
Toolchain:       MDK-ARM Standard  Version: 5.13.0.0
Toolchain Path:  D:\Keil_v5\ARM\ARMCC\Bin
C Compiler:      Armcc.exe V5.05 update 1 (build 106)
Assembler:       Armasm.exe V5.05 update 1 (build 106)
Linker/Locator:  ArmLink.exe V5.05 update 1 (build 106)
Library Manager: ArmAr.exe V5.05 update 1 (build 106)
Hex Converter:   FromElf.exe V5.05 update 1 (build 106)
CPU DLL:         SARMCM3.DLL V5.13.0.0
Dialog DLL:      DARMSTM.DLL V1.65.0.0
Target DLL:      UL2CM3.DLL V1.154.12.0
Dialog DLL:      TARMSTM.DLL V1.64.0.0
 
<h2>Project:</h2>
E:\MCU\My_Project\New_Start\Repeater\Project\Repeater_Project.uvprojx
Project File Date:  08/09/2015

<h2>Output:</h2>
Build Project 'Repeater_Project' - Target 'Repeater_Project'
compiling cc3000_common.c...
compiling cc3000spi.c...
compiling evnt_handler.c...
E:\MCU\My_Project\New_Start\Repeater\wlan\evnt_handler.c(246): warning:  #223-D: function "cc3k_int_poll" declared implicitly
                        cc3k_int_poll();
..\wlan\evnt_handler.c: 1 warning, 0 errors
compiling hci.c...
compiling netapp.c...
compiling nvmem.c...
compiling security.c...
compiling socket.c...
compiling wlan.c...
linking...
Program Size: Code=42034 RO-data=1242 RW-data=352 ZI-data=10200  
FromELF: creating hex file...
".\Obj\wifi_project.axf" - 0 Error(s), 1 Warning(s).

<h2>Collection of Component include folders:</h2>
  E:\MCU\My_Project\New_Start\Repeater\Project\RTE
  D:\Keil_v5\ARM\PACK\Keil\STM32F1xx_DFP\1.0.5\Device\Include

<h2>Collection of Component Files used:</h2>
</pre>
</body>
</html>
